exports[`Collapsible [common] example testing should match snapshot for 1.toggle-expand 1`] = `
<section>
  <button
    onClick={[Function]}>
    toggle
  </button>
  <Collapsible
    isAnimated={true}
    isExpanded={true}
    isMountControlled={true}
    mountControlThreshold={4}
    rootType="div"
    style={
      Object {
        "background": "lightgray",
      }
    }>
    <p>
      Kitsch aesthetic gluten-free bitters affogato, you probably haven\'t heard of them DIY in cornhole sunt meditation man braid cardigan. Selfies stumptown sriracha, small batch williamsburg synth organic aute mlkshk beard venmo normcore XOXO freegan chambray. Freegan delectus next level nostrud intelligentsia swag. Pabst delectus selfies kale chips, duis pariatur locavore iPhone. Chia 3 wolf moon tofu messenger bag pop-up intelligentsia. Pinterest excepteur yuccie four dollar toast DIY. Plaid drinking vinegar locavore id mustache.
    </p>
    <p>
      Flexitarian gentrify taxidermy, bitters chambray swag etsy brunch kogi pork belly authentic. Direct trade put a bird on it ad bespoke, occaecat marfa cliche nisi aliquip kale chips synth readymade. Odio austin keytar pour-over fugiat. Pickled everyday carry laborum sartorial pinterest labore, organic voluptate banh mi kitsch. Leggings austin thundercats cliche. Neutra typewriter sapiente, intelligentsia semiotics +1 esse ex authentic aesthetic banh mi drinking vinegar knausgaard. Id tousled culpa, ut chia cillum actually fashion axe cronut forage assumenda tilde ramps.
    </p>
  </Collapsible>
</section>
`;

exports[`Collapsible [common] example testing should match snapshot for 2.not-animated 1`] = `
<section>
  <button
    onClick={[Function]}>
    toggle
  </button>
  <Collapsible
    isAnimated={false}
    isExpanded={true}
    isMountControlled={true}
    mountControlThreshold={4}
    rootType="div"
    style={
      Object {
        "background": "lightgray",
      }
    }>
    <p>
      Kitsch aesthetic gluten-free bitters affogato, you probably haven\'t heard of them DIY in cornhole sunt meditation man braid cardigan. Selfies stumptown sriracha, small batch williamsburg synth organic aute mlkshk beard venmo normcore XOXO freegan chambray. Freegan delectus next level nostrud intelligentsia swag. Pabst delectus selfies kale chips, duis pariatur locavore iPhone. Chia 3 wolf moon tofu messenger bag pop-up intelligentsia. Pinterest excepteur yuccie four dollar toast DIY. Plaid drinking vinegar locavore id mustache.
    </p>
    <p>
      Flexitarian gentrify taxidermy, bitters chambray swag etsy brunch kogi pork belly authentic. Direct trade put a bird on it ad bespoke, occaecat marfa cliche nisi aliquip kale chips synth readymade. Odio austin keytar pour-over fugiat. Pickled everyday carry laborum sartorial pinterest labore, organic voluptate banh mi kitsch. Leggings austin thundercats cliche. Neutra typewriter sapiente, intelligentsia semiotics +1 esse ex authentic aesthetic banh mi drinking vinegar knausgaard. Id tousled culpa, ut chia cillum actually fashion axe cronut forage assumenda tilde ramps.
    </p>
  </Collapsible>
</section>
`;

exports[`Collapsible [common] example testing should match snapshot for 3.unmount-children-on-collapse 1`] = `
<section>
  <button
    onClick={[Function]}>
    toggle
  </button>
  <Collapsible
    isAnimated={true}
    isExpanded={true}
    isMountControlled={true}
    mountControlThreshold={4}
    rootType="div"
    style={
      Object {
        "background": "lightgray",
      }
    }>
    <p>
      Kitsch aesthetic gluten-free bitters affogato, you probably haven\'t heard of them DIY in cornhole sunt meditation man braid cardigan. Selfies stumptown sriracha, small batch williamsburg synth organic aute mlkshk beard venmo normcore XOXO freegan chambray. Freegan delectus next level nostrud intelligentsia swag. Pabst delectus selfies kale chips, duis pariatur locavore iPhone. Chia 3 wolf moon tofu messenger bag pop-up intelligentsia. Pinterest excepteur yuccie four dollar toast DIY. Plaid drinking vinegar locavore id mustache.
    </p>
    <SingleSelect
      DropMenu={
        Object {
          "isExpanded": true,
        }
      }>
      <SingleSelect.Option>
        Will
      </SingleSelect.Option>
      <SingleSelect.Option>
        Not
      </SingleSelect.Option>
      <SingleSelect.Option>
        Remain
      </SingleSelect.Option>
    </SingleSelect>
    <p>
      Flexitarian gentrify taxidermy, bitters chambray swag etsy brunch kogi pork belly authentic. Direct trade put a bird on it ad bespoke, occaecat marfa cliche nisi aliquip kale chips synth readymade. Odio austin keytar pour-over fugiat. Pickled everyday carry laborum sartorial pinterest labore, organic voluptate banh mi kitsch. Leggings austin thundercats cliche. Neutra typewriter sapiente, intelligentsia semiotics +1 esse ex authentic aesthetic banh mi drinking vinegar knausgaard. Id tousled culpa, ut chia cillum actually fashion axe cronut forage assumenda tilde ramps.
    </p>
  </Collapsible>
</section>
`;

exports[`Collapsible [common] example testing should match snapshot for 4.render-children-on-collapse 1`] = `
<section>
  <button
    onClick={[Function]}>
    toggle
  </button>
  <Collapsible
    isAnimated={true}
    isExpanded={true}
    isMountControlled={false}
    mountControlThreshold={4}
    rootType="div"
    style={
      Object {
        "background": "lightgray",
      }
    }>
    <p>
      Kitsch aesthetic gluten-free bitters affogato, you probably haven\'t heard of them DIY in cornhole sunt meditation man braid cardigan. Selfies stumptown sriracha, small batch williamsburg synth organic aute mlkshk beard venmo normcore XOXO freegan chambray. Freegan delectus next level nostrud intelligentsia swag. Pabst delectus selfies kale chips, duis pariatur locavore iPhone. Chia 3 wolf moon tofu messenger bag pop-up intelligentsia. Pinterest excepteur yuccie four dollar toast DIY. Plaid drinking vinegar locavore id mustache.
    </p>
    <div
      style={
        Object {
          "display": "flex",
          "justifyContent": "center",
        }
      }>
      <SingleSelect
        DropMenu={
          Object {
            "isExpanded": true,
          }
        }>
        <SingleSelect.Option>
          Will
        </SingleSelect.Option>
        <SingleSelect.Option>
          Stay
        </SingleSelect.Option>
        <SingleSelect.Option>
          Rendered
        </SingleSelect.Option>
      </SingleSelect>
    </div>
    <p>
      Flexitarian gentrify taxidermy, bitters chambray swag etsy brunch kogi pork belly authentic. Direct trade put a bird on it ad bespoke, occaecat marfa cliche nisi aliquip kale chips synth readymade. Odio austin keytar pour-over fugiat. Pickled everyday carry laborum sartorial pinterest labore, organic voluptate banh mi kitsch. Leggings austin thundercats cliche. Neutra typewriter sapiente, intelligentsia semiotics +1 esse ex authentic aesthetic banh mi drinking vinegar knausgaard. Id tousled culpa, ut chia cillum actually fashion axe cronut forage assumenda tilde ramps.
    </p>
  </Collapsible>
</section>
`;
