// Jest Snapshot v1, https://goo.gl/fbAQLP

exports[`SplitVertical [common] example testing should match snapshot(s) for 1.default-split 1`] = `
<div
  className="lucid-SplitVertical lucid-SplitVertical-is-expanded"
  style={
    Object {
      "overflow": "hidden",
    }
  }
>
  <Motion
    defaultStyle={
      Object {
        "slideAmount": 0,
      }
    }
    style={
      Object {
        "slideAmount": 0,
      }
    }
  />
</div>
`;

exports[`SplitVertical [common] example testing should match snapshot(s) for 2.animated-collapse 1`] = `
<div
  className="lucid-SplitVertical lucid-SplitVertical-is-expanded"
  style={
    Object {
      "overflow": "hidden",
    }
  }
>
  <Motion
    defaultStyle={
      Object {
        "slideAmount": 0,
      }
    }
    style={
      Object {
        "slideAmount": 0,
      }
    }
  />
</div>
`;

exports[`SplitVertical [common] example testing should match snapshot(s) for 3.set-pane-as-primary 1`] = `
<div
  className="lucid-SplitVertical lucid-SplitVertical-is-expanded"
  style={
    Object {
      "overflow": "hidden",
    }
  }
>
  <Motion
    defaultStyle={
      Object {
        "slideAmount": 0,
      }
    }
    style={
      Object {
        "slideAmount": 0,
      }
    }
  />
</div>
`;

exports[`SplitVertical [common] example testing should match snapshot(s) for 4.set-width-of-pane 1`] = `
<div
  className="lucid-SplitVertical lucid-SplitVertical-is-expanded"
  style={
    Object {
      "overflow": "hidden",
    }
  }
>
  <Motion
    defaultStyle={
      Object {
        "slideAmount": 0,
      }
    }
    style={
      Object {
        "slideAmount": 0,
      }
    }
  />
</div>
`;

exports[`SplitVertical [common] example testing should match snapshot(s) for 5.customize-divider 1`] = `
<div
  className="lucid-SplitVertical lucid-SplitVertical-is-expanded"
  style={
    Object {
      "overflow": "hidden",
    }
  }
>
  <Motion
    defaultStyle={
      Object {
        "slideAmount": 0,
      }
    }
    style={
      Object {
        "slideAmount": 0,
      }
    }
  />
</div>
`;

exports[`SplitVertical [common] example testing should match snapshot(s) for 6.no-animation 1`] = `
<div
  className="lucid-SplitVertical lucid-SplitVertical-is-expanded"
  style={
    Object {
      "overflow": "hidden",
    }
  }
>
  <Motion
    defaultStyle={
      Object {
        "slideAmount": 0,
      }
    }
    style={
      Object {
        "slideAmount": 0,
      }
    }
  />
</div>
`;

exports[`SplitVertical [common] example testing should match snapshot(s) for 7.collapse-shift 1`] = `
<div
  className="lucid-SplitVertical lucid-SplitVertical-is-expanded"
  style={
    Object {
      "overflow": "hidden",
    }
  }
>
  <Motion
    defaultStyle={
      Object {
        "slideAmount": 0,
      }
    }
    style={
      Object {
        "slideAmount": 0,
      }
    }
  />
</div>
`;

exports[`SplitVertical [common] example testing should match snapshot(s) for 8.handle-resize 1`] = `
<div
  className="lucid-SplitVertical lucid-SplitVertical-is-expanded"
  style={
    Object {
      "overflow": "hidden",
    }
  }
>
  <Motion
    defaultStyle={
      Object {
        "slideAmount": 0,
      }
    }
    style={
      Object {
        "slideAmount": 0,
      }
    }
  />
</div>
`;

exports[`SplitVertical [common] example testing should match snapshot(s) for 9.no-resize 1`] = `
<div
  className="lucid-SplitVertical lucid-SplitVertical-is-expanded"
  style={
    Object {
      "overflow": "hidden",
    }
  }
>
  <Motion
    defaultStyle={
      Object {
        "slideAmount": 0,
      }
    }
    style={
      Object {
        "slideAmount": 0,
      }
    }
  />
</div>
`;
